# 一 数据类型

|   类型    | 字节 |       范围       |
| :---: | :---: | :----: |
|  tinyint  |  1   |     -128~127     |
| smallint  |  2   |   -32768~32767   |
| mediumint |  3   | -8388608~8388607 |
|    int    |  4   |  -2^31^~2^31^-1  |
|  bigint   |  8   |  -2^63^~2^63^-1  |

* 无符号整数（unsigned）：无符号数没有负数，正数部分是有符号的两倍
    ```mysql
    create table stu
    (
        id    smallint unsigned auto_increment primary key comment '主键',
        age   tinyint unsigned not null comment '年龄',
        money bigint unsigned comment '存款'
    );
    ```

* `zerofill`: 整型支持显示宽度（最小的显示位数）比如`int(5)`，
    如果数值的位数小于5位，前面加上前导0。比如输入12，
    显示00012；大于5位就不添加前导0。
    ```mysql
    create table stu
    (
        id  int(5),
        age int(5) zerofill  -- 填充前导0
    );
    ```
    
## 1.2 浮点数
|      浮点型      | 占用字节 |        范围        |
| :--------------: | :------: | :----------------: |
| float（单精度）  |    4     |  -3.4E+38~3.4E+38  |
| double（双精度） |    8     | -1.8E+308~1.8E+308 |


* 浮点数声明: `float(M,D)`   `double(M,D)`
    * `M`：总位数
    * `D`：小数位数

**示例**
```mysql
create table t1
(
    num1 float(5, 2), #总位数是5，小数位数是2，那么整数位数是3，
    num2 double(4, 1)
);
```

**浮点的精度可能会丢失【精度指的是小数】**

## 1.3 精确小数 decimal(M,D)
```mysql
create table t4
(
    num decimal(20, 19)
);
```

> 1. 定点数是变长的，大致每`9`个数字用`4`个字节来存储。
>    定点数之所以能保存精确的小数，因为整数和小数是分开存储的。
>    占用的资源比浮点数要多。
> 2. 定点数和浮点数都支持显示宽度和无符号数。

## 1.4 字符型
|   数据类型    |   描述   |     长度      |
| :-----------: | :------: | :-----------: |
|  char(长度)   |   定长   |    最大255    |
| varchar(长度) |   变长   |   最大65535   |
|   tinytext    | 大段文本 |  2^8^-1=255   |
|     text      | 大段文本 | 2^16^-1=65535 |
|  mediumtext   | 大段文本 |    2^24^-1    |
|   longtext    | 大段文本 |    2^32^-1    |

> char(10)和varchar(10)的区别？
> * 相同点：它们最多只能保存10个字符；
> * 不同点: `char`不回收多余的字符，`varchar`会回收多余的字符。
> * `char`效率高，浪费空间，`varchar`节省空间，效率比`char`低。

> `char`的最大长度是`255`

> `varchar`理论长度是`65535`字节,实际根本达不到。具体长度与字符编码有关。

> 一个记录的总长度不能超过`65535`个字节。(一行数据)

> 大块文本（`text`）不计算在总长度中,一个大块文本只占用`10`个字节来保存文本的地址。

## 1.5 枚举（enum）

```mysql
create table t8
(
    name varchar(20),
    sex  enum ('男','女','保密') # 枚举
) charset = utf8;
```
* `MySQL`的枚举类型是通过整数来管理的，第一个值是`1`，第二个值是`2`，以此类推。
    * `insert into t8 values ('rose',3)`

**枚举的优点**
1. 运行速度快（数字比字符串运算速度快）

2. 限制数据，保证数据完整性

3. 节省空间

> 思考：已知枚举占用2个字节，请问最多有多少个枚举值？
> 
> 答：2个字节=16位，可以保存数字（0-65535），枚举是从1开始，
> 所以枚举最多可以有65535个枚举值。

## 1.6 集合（set）
```mysql
create table t9
(
    hobby set ('爬山','读书','游泳','敲代码')
);

insert into t9 values ('爬山');

insert into t9 values ('爬山,游泳');

# 插入顺序不一样，但是显示的顺序是一样的
insert into t9 values ('游泳,爬山');

# 报错，插入集合中没有的选项会报错
insert into t9 values ('爬山,游泳,开车');
```

**每个集合的元素都分配一个固定的数字，分配的方式从左往右按`2`的`0、1、2、…`次方**

> 思考：已知集合占用8个字节，最多可以表示几个选项？
> 
> 答：8个字节=64位，一个位表示1个选项，最多可以表示64个选项。


## 1.7 日期类型

| 数据类型  |         描述          |
| :-------: | :-------------------: |
| datetime  | 日期时间，占用8个字节 |
|   date    |   日期 占用3个字节    |
|   time    |   时间 占用3个字节    |
| timestamp |  时间戳，占用4个字节  |
|   year    |  年份   占用1个字节   |

### 1. datetime
格式：`年-月-日 小时:分钟:秒`

```sql
mysql> create table t10(
    -> field datetime
    -> );
Query OK, 0 rows affected (0.02 sec)

mysql> insert into t10 values ('2025-10-12 10:12:36');
Query OK, 1 row affected (0.00 sec)

mysql> insert into t10 values ('100-10-12 10:12:36');
Query OK, 1 row affected (0.00 sec)

mysql> insert into t10 values ('10000-10-12 10:12:36');  -- datetime保存范围是：1~9999年
ERROR 1292 (22007): Incorrect datetime value: '10000-10-12 10:12:36' for column 'field' at row 1

mysql> select * from t10;
+---------------------+
| field               |
+---------------------+
| 2025-10-12 10:12:36 |
| 0100-10-12 10:12:36 |
+---------------------+
2 rows in set (0.00 sec)
```

### 2 date 日期格式
```sql
mysql> create table t11(
    -> field date
    -> );
Query OK, 0 rows affected (0.00 sec)

mysql> insert into t11 values ('2025-10-12');
Query OK, 1 row affected (0.00 sec)

mysql> select * from t11;
+------------+
| field      |
+------------+
| 2025-10-12 |
+------------+
```

### 3 timestamp：时间戳
`timestamp`类型和`datetime`类型在表现上是一样的。他们的区别：

`datetime`是从`1`到`9999`，而`timestamp`从`1970`年`~2038`年，
`2038`年`01`月`19`日`11:14:07`秒以后就超出`timestamp`范围了。

```sql
mysql> create table t12(
    -> field timestamp
    -> );
Query OK, 0 rows affected (0.00 sec)

mysql> insert into t12 values ('1975-5-5 12:12:12');
Query OK, 1 row affected (0.00 sec)

mysql> insert into t12 values ('1969-5-5 12:12:12');   -- 超出范围
ERROR 1292 (22007): Incorrect datetime value: '1969-5-5 12:12:12' for column 'field' at row 1
mysql> insert into t12 values ('2038-1-19 11:14:07');
Query OK, 1 row affected (0.00 sec)

mysql> insert into t12 values ('2038-1-19 11:14:08');  -- 超出范围
ERROR 1292 (22007): Incorrect datetime value: '2038-1-19 11:14:08' for column 'field' at row 1

mysql> select * from t12;
+---------------------+
| field               |
+---------------------+
| 1975-05-05 12:12:12 |
| 2038-01-19 11:14:07 |
+---------------------+
```

### 4 year
因为只占用`1`个字节，最多只能表示`255`个年份，范围是`1901-2155`之间的年份
```sql
mysql> create table t13(
    -> field year
    -> );
Query OK, 0 rows affected (0.06 sec)

mysql> insert into t13 values (2025);
Query OK, 1 row affected (0.00 sec)

mysql> insert into t13 values (1900);   # 超出范围
ERROR 1264 (22003): Out of range value for column 'field' at row 1
mysql> insert into t13 values (2155);
Query OK, 1 row affected (0.00 sec)

mysql> insert into t13 values (2156);   # 超出范围
ERROR 1264 (22003): Out of range value for column 'field' at row 1
```

### 5 time    
表示时间或时间间隔，范围是`-838:59:59 ~ 838:59:59`
```sql
mysql> create table t14(
    -> field time
    -> );
Query OK, 0 rows affected (0.00 sec)

mysql> insert into t14 values ('12:12:12');
Query OK, 1 row affected (0.00 sec)

mysql> insert into t14 values ('212:12:12');
Query OK, 1 row affected (0.00 sec)

mysql> insert into t14 values ('838:59:59');
Query OK, 1 row affected (0.00 sec)

mysql> insert into t14 values ('839:00:00');  # 操作范围
ERROR 1292 (22007): Incorrect time value: '839:00:00' for column 'field' at row 1
mysql>
```
* `time`支持以天的方式插入
    ```sql
    mysql> insert into t14 values ('10 10:10:10');
    Query OK, 1 row affected (0.02 sec)
    
    mysql> select * from t14;
    +-----------+
    | field     |
    +-----------+
    | 12:12:12  |
    | 212:12:12 |
    | 838:59:59 |
    | 250:10:10 |
    +-----------+
    ```


## 1.8 boolean  
`MySQL`不支持`boolean`类型，`true`和`false`在数据库中对应`1`和`0`。
```sql
mysql> create table t15(
    -> field boolean
    -> );
Query OK, 0 rows affected (0.00 sec)

mysql> insert into t15 values (true),(false);   # true和false在数据库中对应1和0
Query OK, 2 rows affected (0.00 sec)
Records: 2  Duplicates: 0  Warnings: 0

mysql> select * from t15;
+-------+
| field |
+-------+
|     1 |
|     0 |
+-------+
2 rows in set (0.00 sec)
```

## 1.9 数据类型的选取
1. 手机号码一般使用什么数据类型存储?  char
2. 电话号码使用什么数据类型  varchar
3. 性别一般使用什么数据类型存储?  char enum
4. 学生年龄信息一般使用什么数据类型存储? tinyint
5. 照片信息一般使用什么数据类型存储?  binary
6. 薪水一般使用什么数据类型存储? decimal

多学一招：一个字段到底选数字还是字符，取决于有没有计算的可能，
如果没有计算的可能即使是数字也要用字符类型，比如手机号、QQ号，…

# 二 约束条件(列属性)

**约束条件**
|约束条件|说明|
|:---:|:---:|
|`zerofill`|零值填充约束|
|`unsigned`|无符号约束|
|`not null`|非空约束|
|`default`|默认值约束|
|`unique key`|唯一约束 |
|`auto_increment`|自增长约束|
|  `primary key` |主键约束|
|  `foreign key` |外键约束|

## 2.1 `zerofill`零值填充约束
**当传入字段的数据宽度不够时，使用0进行填充**
```sql
create table zero_fill(id int(3) zerofill);
insert into zero_fill values(1);
select * from zero_fill;
```

## 2.2 `unsigned`无符号约束
**对于数值类型的数据进行的约束**
```sql
create table unsigned_table(id int unsigned);
insert into unsigned_table values(-10),(200);  --开启严格模式，插入负数报错
insert into unsigned_table values(0),(200);
```

## 2.3 (null | not null) 是否为空
`null`：可以为空

`not null`：不可以为空

```sql
create table not_null(id int, name varchar(20) not null);
insert into not_null values (1, "小兰");
insert into not_null(id) values (2);  -- 非空字段未插入值，报错
```

## 2.4 默认值（default）
1. 如果一个字段没有插入值，可以默认插入一个指定的值。
2. `default`关键字用来插入默认值

```sql
mysql> create table t16(
    -> id int unsigned,
    -> addr varchar(20) not null default '地址不详'
    -> );
Query OK, 0 rows affected (0.06 sec)

mysql> insert into t16 values (1,'北京'),(2,default);
Query OK, 2 rows affected (0.00 sec)
Records: 2  Duplicates: 0  Warnings: 0

mysql> select * from t16;
+------+----------+
| id   | addr     |
+------+----------+
|    1 | 北京         |
|    2 | 地址不详        |
+------+----------+
2 rows in set (0.00 sec)
```

## 2.5 `unique key`唯一约束
**有些字段中的值必须唯一的，使用此约束条件**
* **单列唯一**
    ```sql
    create table unique_key(id int unique key, name char(4));
    
    insert into unique_key values(1, "小明"), (1, "小芳");  -- 报错
    insert into unique_key values(1, "小明"), (2, "小芳"); 
    ```

* **唯一键命名**：
    ```sql
    create table t27(
    name varchar(20)
    );
    
    alter table t27 add unique UQ_name(name);
    ```
    ```sql
    CREATE TABLE `t27` (
      `name` varchar(20) DEFAULT NULL,
      UNIQUE KEY `UQ_name` (`name`)    # 唯一键的名字是UQ_name
    ) ENGINE=InnoDB DEFAULT CHARSET=utf8
    ```

* **联合唯一** 对于单个字段可以重复，联合起来不能重复，
    ```sql
    create table unique_key2(
        id int, 
        ip varchar(30), 
        port int, 
        unique key(ip, port)  -- 设置联合唯一
    );
    
    insert into unique_key2 values(1, "127.0.0.1", 8080);  -- 成功
    insert into unique_key2 values(2, "127.0.0.1", 8081);  -- 成功
    insert into unique_key2 values(2, "127.0.0.1", 8080);  -- 失败
    ```
  

## 2.6 `primary key`主键约束
> 1. **非空且唯一**
> 2. `Innodb`存储引擎，在创建表时必须使用`primary key`。
>     * 一张表中有且只有一个主键
>     * 如果没有出现主键约束，则 **第一次出现not null unique key** 约束的做为主键
>     * 如果没有设置主键，也没有设置`not null unique key`, `Innodb`
>       会采用内部的隐藏字段做为主键. 这个字段不能使用
> 3. **通常将`id`字段做为表的主键**

**主键作用**
* 唯一标识表中记录的一个或一组列
* 保证数据完整性
* 加快查询速度

**创建表示添加主键**
```sql
create table primary_key1(id int primary key);
create table primary_key2(
    id int not null unique key,  -- 主键
    addr char(32) not null unique key
);

create table primary_key3(
    id int,
    name char(16),
    primary key(id, name)  -- 联合主键
);
```
**更新表添加主键**
```sql
create table t20(
id int,
name varchar(10)
);

alter table t20 add primary key (id);   -- 更改表添加主键
```

**选择主键的原则**
1. **最少性**：尽量选择一个字段做主键
2. **稳定性**：尽量选择更新少的列做主键
3. **尽量选择数字型** 的列做主键


## 2.7 自动增长（auto_increment）
1. 字段的值从`1`开始，每次递增`1`，特点就在字段中的数据不可能重复，
   适合为记录生成唯一的`id`

2. 自动增长都是**无符号整数**。

3. 在`MySQL`中，`auto_increment`必须是主键。但是主键不一定是自动增长的。

4. 如果要给自动增长列插入数据，使用`null`关键字。

5. 自动增长列上的数据被删除，默认情况下此记录的编号不再使用

```sql
create table auto_increment_table(
    id int primary key auto_increment,
    name char(5)
);

insert into auto_increment_table(name) values("小明"),("小芳");
```

## 2.8 备注（comment）
为了程序员之间的相互交流


## 2.9 SQL注释
单行注释：`--`或`#`

多行注释：`/*    */`

